[sahil.hadke.in/index.html]
[backblue.gif]
[fade.gif]
[index.html]
[cdnjs.cloudflare.com/ajax/libs/twitter-bootstrap/4.3.1/css/bootstrap.min.css]
[cdnjs.cloudflare.com/ajax/libs/font-awesome/6.0.0-beta2/css/all.min.css]
[sahil.hadke.in/plugins/themify/cssthemify-icons.css]
[sahil.hadke.in/index-2.html]
[sahil.hadke.in/images/sahil-hadke-vr.webp]
[sahil.hadke.in/images/crm.webp]
[sahil.hadke.in/images/jobtailor.png]
[sahil.hadke.in/images/rag.png]
[sahil.hadke.in/images/pSzwtX.png]
[sahil.hadke.in/images/cesa.webp]
[sahil.hadke.in/images/evergreen.webp]
[sahil.hadke.in/images/password-manager.webp]
[sahil.hadke.in/images/weather-forecast.webp]
[sahil.hadke.in/images/winone.webp]
[sahil.hadke.in/images/cafe-brosco.webp]
[cdnjs.cloudflare.com/ajax/libs/jquery/3.6.0/jquery.min.js]
[sahil.hadke.in/plugins/bootstrap/js/popper.js]
[sahil.hadke.in/plugins/bootstrap/js/bootstrap.min.js]
[sahil.hadke.in/plugins/nav/jquery.easing.1.3.js]
[sahil.hadke.in/plugins/slick-carousel/slick/slick.min.js]
[sahil.hadke.in/plugins/owl/owl.carousel.min.js]
[sahil.hadke.in/plugins/counto/apear.js]
[sahil.hadke.in/plugins/counto/counTo.js]
[sahil.hadke.in/plugins/aos/aos.js]
[sahil.hadke.in/js/script.js]
[sahil.hadke.in/js/ajax-contact.js]
[sahil.hadke.in/index.html]
[cdnjs.cloudflare.com/ajax/libs/twitter-bootstrap/4.3.1/css/bootstrap.min.css]
[sahil.hadke.in/plugins/themify/fonts/themify.eot]
[sahil.hadke.in/plugins/themify/fonts/themifyd41d.eot]
[sahil.hadke.in/plugins/themify/fonts/themify.woff]
[sahil.hadke.in/plugins/themify/fonts/themify.ttf]
[sahil.hadke.in/plugins/themify/fonts/themify.svg]
[sahil.hadke.in/plugins/themify/css/themify-icons.css]
[sahil.hadke.in/plugins/animate-css/animate.css]
[sahil.hadke.in/plugins/aos/aos.css]
[sahil.hadke.in/plugins/owl/assets/owl.video.play.png]
[sahil.hadke.in/plugins/owl/assets/owl.carousel.min.css]
[sahil.hadke.in/plugins/owl/assets/owl.theme.default.min.css]
[sahil.hadke.in/plugins/slick-carousel/slick/slick.css]
[sahil.hadke.in/plugins/slick-carousel/slick/ajax-loader.gif]
[sahil.hadke.in/plugins/slick-carousel/slick/fonts/slick.eot]
[sahil.hadke.in/plugins/slick-carousel/slick/fonts/slickd41d.eot]
[sahil.hadke.in/plugins/slick-carousel/slick/fonts/slick.woff]
[sahil.hadke.in/plugins/slick-carousel/slick/fonts/slick.ttf]
[sahil.hadke.in/plugins/slick-carousel/slick/fonts/slick.svg]
[sahil.hadke.in/plugins/slick-carousel/slick/slick-theme.css]
[sahil.hadke.in/images/call-to-action-bg.jpg]
[sahil.hadke.in/images/bg/b-3.jpg]
[sahil.hadke.in/css/style.css]
[cdnjs.cloudflare.com/ajax/libs/font-awesome/6.0.0-beta2/css/all.min.css]
[sahil.hadke.in/plugins/themify/cssthemify-icons.html]
[sahil.hadke.in/index-2.html]
[sahil.hadke.in/plugins/themify/fonts/themify.html]
[sahil.hadke.in/plugins/themify/fonts/themifyd41d.html]
[sahil.hadke.in/plugins/themify/fonts/themify-2.html]
[sahil.hadke.in/plugins/themify/fonts/themify-3.html]
[sahil.hadke.in/plugins/owl/assets/owl.video.play.html]
[sahil.hadke.in/plugins/slick-carousel/slick/fonts/slick.html]
[sahil.hadke.in/plugins/slick-carousel/slick/fonts/slickd41d.html]
[sahil.hadke.in/plugins/slick-carousel/slick/fonts/slick-2.html]
[sahil.hadke.in/plugins/slick-carousel/slick/fonts/slick-3.html]
[sahil.hadke.in/images/call-to-action-bg.html]
[sahil.hadke.in/images/bg/b-3.html]
